[Bootstrap]
SetupTitle=Install
SetupText=Copying Files, please stand by.
CabFile=sisint.CAB
Spawn=Setup1.exe
Uninstal=st6unst.exe
TmpDir=msftqws.pdw
Cabs=1

[Bootstrap Files]
File1=@Vb6stkit.dll,$(WinSysPathSysFile),,,3/26/99 12:00:00 AM,101888,6.0.84.50
File2=@COMCAT.DLL,$(WinSysPathSysFile),$(DLLSelfRegister),,5/31/98 12:00:00 AM,22288,4.71.1460.1
File3=@STDOLE2.TLB,$(WinSysPathSysFile),$(TLBRegister),,6/3/99 12:00:00 AM,17920,2.40.4275.1
File4=@ASYCFILT.DLL,$(WinSysPathSysFile),,,3/8/99 12:00:00 AM,147728,2.40.4275.1
File5=@OLEPRO32.DLL,$(WinSysPathSysFile),$(DLLSelfRegister),,3/8/99 12:00:00 AM,164112,5.0.4275.1
File6=@OLEAUT32.DLL,$(WinSysPathSysFile),$(DLLSelfRegister),,4/12/00 12:00:00 AM,598288,2.40.4275.1
File7=@msvbvm60.dll,$(WinSysPathSysFile),$(DLLSelfRegister),,7/13/09 10:15:50 PM,1386496,6.0.98.15

[IconGroups]
Group0=Sistema Integrado
PrivateGroup0=-1
Parent0=$(Programs)

[Sistema Integrado]
Icon1="prlogin.exe"
Title1=Sistema Integrado
StartIn1=$(AppPath)

[Setup]
Title=Sistema Integrado
DefaultDir=$(ProgramFiles)\Sistema Integrado
AppExe=sisint.exe
AppToUninstall=sisint.exe

[Setup1 Files]
File1=@System_cnc.ini,$(AppPath),,,11/12/08 8:08:20 AM,141,0.0.0.0
File2=@prlogin.exe,$(AppPath),,,11/6/13 9:00:38 AM,53248,1.0.0.7
File3=@System.ini,$(AppPath),,,7/18/11 9:41:03 AM,62,0.0.0.0
File4=@MDAC_TYP.EXE,$(AppPath),,$(Shared),6/26/98 12:00:00 AM,8124720,4.71.1015.0
File5=@MSMAPI32.OCX,$(WinSysPath),$(DLLSelfRegister),$(Shared),6/24/98 12:00:00 AM,137000,6.0.81.69
File6=@MSINET.OCX,$(WinSysPath),$(DLLSelfRegister),$(Shared),3/9/04 12:00:00 AM,132880,6.1.97.82
File7=@Skin_Button.ocx,$(WinSysPath),$(DLLSelfRegister),$(Shared),9/1/05 5:07:46 PM,98304,1.0.0.0
File8=@ACTIVETEXT.OCX,$(WinSysPath),$(DLLSelfRegister),$(Shared),7/18/03 2:18:36 PM,143360,1.3.0.36
File9=@MSCOMCT2.OCX,$(WinSysPath),$(DLLSelfRegister),$(Shared),3/9/04 12:00:00 AM,662288,6.1.97.82
File10=@comdlg32.ocx,$(WinSysPath),$(DLLSelfRegister),$(Shared),3/9/04 12:00:00 AM,152848,6.1.97.82
File11=@MSFLXGRD.OCX,$(WinSysPath),$(DLLSelfRegister),$(Shared),3/9/04 12:00:00 AM,260880,6.1.97.82
File12=@TABCTL32.OCX,$(WinSysPath),$(DLLSelfRegister),$(Shared),3/9/04 12:00:00 AM,224016,6.1.97.82
File13=@COMCTL32.OCX,$(WinSysPath),$(DLLSelfRegister),$(Shared),4/15/05 7:58:18 PM,1351392,6.0.81.6
File14=@VBxPOLITEC.ocx,$(WinSysPath),$(DLLSelfRegister),$(Shared),3/15/05 11:36:30 PM,57344,1.0.0.16
File15=@msstdfmt.dll,$(WinSysPath),$(DLLSelfRegister),$(Shared),11/8/07 8:19:22 AM,129024,6.1.98.4
File16=@MSHFLXGD.OCX,$(WinSysPath),$(DLLSelfRegister),$(Shared),6/19/06 11:29:00 AM,440352,6.0.88.4
File17=@MSDATLST.OCX,$(WinSysPath),$(DLLSelfRegister),$(Shared),6/19/06 11:29:00 AM,234016,6.0.84.18
File18=@MSDATGRD.OCX,$(WinSysPath),$(DLLSelfRegister),$(Shared),6/19/06 11:29:00 AM,275216,6.1.97.82
File19=@MSADODC.OCX,$(WinSysPath),$(DLLSelfRegister),$(Shared),6/19/06 11:29:00 AM,131856,6.1.97.82
File20=@AspEmail.dll,$(WinSysPath),$(DLLSelfRegister),$(Shared),3/24/02 12:59:42 PM,131072,4.5.0.2
File21=@cdonts.dll,$(WinSysPath),$(DLLSelfRegister),$(Shared),1/29/05 3:28:10 PM,402704,6.0.3939.0
File22=@SMTPSVG.DLL,$(WinSysPath),$(DLLSelfRegister),$(Shared),11/21/06 1:41:54 PM,130560,4.1.0.0
File23=@vbSendMail.dll,$(WinSysPath),$(DLLSelfRegister),$(Shared),10/29/03 1:01:18 AM,139264,3.6.0.5
File24=@MSACC.OLB,$(WinSysPath),,$(Shared),7/30/03 8:35:36 AM,422456,11.0.5529.0
File25=@VB5DB.DLL,$(WinSysPath),,$(Shared),6/18/98 12:00:00 AM,89360,6.0.81.69
File26=@msjtes40.dll,$(WinSysPathSysFile),$(DLLSelfRegister),,7/13/09 10:15:45 PM,290816,4.0.9756.0
File27=@msrepl40.dll,$(WinSysPathSysFile),,,7/13/09 10:15:47 PM,643072,4.0.9756.0
File28=@msrd3x40.dll,$(WinSysPathSysFile),$(DLLSelfRegister),,7/13/09 10:15:47 PM,344064,4.0.9756.0
File29=@msrd2x40.dll,$(WinSysPathSysFile),$(DLLSelfRegister),,7/13/09 10:15:47 PM,319488,4.0.9756.0
File30=@mswdat10.dll,$(WinSysPathSysFile),,,7/13/09 10:15:51 PM,856064,4.0.9756.0
File31=@mswstr10.dll,$(WinSysPathSysFile),,,7/13/09 10:15:51 PM,618496,4.0.9756.0
File32=@expsrv.dll,$(WinSysPathSysFile),,,7/13/09 10:15:20 PM,380957,6.0.72.9589
File33=@vbajet32.dll,$(WinSysPathSysFile),,,7/13/09 10:16:17 PM,30749,6.0.1.9431
File34=@msjint40.dll,$(WinSysPathSysFile),,,7/13/09 10:15:45 PM,24576,4.0.9756.0
File35=@msjter40.dll,$(WinSysPathSysFile),,,7/13/09 10:15:45 PM,61440,4.0.9756.0
File36=@msjet40.dll,$(WinSysPathSysFile),$(DLLSelfRegister),,7/13/09 10:15:44 PM,1589248,4.0.9756.0
File37=@dao360.dll,$(MSDAOPath),$(DLLSelfRegister),$(Shared),7/13/09 10:15:08 PM,610304,3.60.9756.0
File38=@MSDERUN.DLL,$(CommonFiles)\designer,$(DLLSelfRegister),$(Shared),7/15/00 12:00:00 AM,136192,6.0.88.4
File39=@EXCEL.EXE,$(AppPath),,$(Shared),8/14/14 11:31:42 AM,20394648,14.0.7132.5000
File40=@MSDBRPTR.DLL,$(WinSysPath),$(DLLSelfRegister),$(Shared),6/19/06 11:29:00 AM,322560,6.1.97.82
File41=@MSBIND.DLL,$(WinSysPath),$(DLLSelfRegister),$(Shared),2/23/04 12:00:00 AM,78848,6.1.97.82
File42=@wininet.dll,$(WinSysPath),$(DLLSelfRegister),$(Shared),9/18/14 8:59:11 PM,1810944,11.0.9600.17344
File43=@sisint.exe,$(AppPath),,,10/21/14 9:13:55 AM,1720320,3.5.0.2

; The following lines may be deleted in order to obtain extra 
; space for customizing this file on a full installation diskette.
; 
; XXXXXXXXXXXXXXXXXXXXXXXXXXXXXXXXXXXXXXXXXXXXXXXXXXXXXXXXXXXX
; XXXXXXXXXXXXXXXXXXXXXXXXXXXXXXXXXXXXXXXXXXXXXXXXXXXXXXXXXXXX
; XXXXXXXXXXXXXXXXXXXXXXXXXXXXXXXXXXXXXXXXXXXXXXXXXXXXXXXXXXXX
; XXXXXXXXXXXXXXXXXXXXXXXXXXXXXXXXXXXXXXXXXXXXXXXXXXXXXXXXXXXX
; XXXXXXXXXXXXXXXXXXXXXXXXXXXXXXXXXXXXXXXXXXXXXXXXXXXXXXXXXXXX
; XXXXXXXXXXXXXXXXXXXXXXXXXXXXXXXXXXXXXXXXXXXXXXXXXXXXXXXXXXXX
; XXXXXXXXXXXXXXXXXXXXXXXXXXXXXXXXXXXXXXXXXXXXXXXXXXXXXXXXXXXX
; XXXXXXXXXXXXXXXXXXXXXXXXXXXXXXXXXXXXXXXXXXXXXXXXXXXXXXXXXXXX
; XXXXXXXXXXXXXXXXXXXXXXXXXXXXXXXXXXXXXXXXXXXXXXXXXXXXXXXXXXXX
; XXXXXXXXXXXXXXXXXXXXXXXXXXXXXXXXXXXXXXXXXXXXXXXXXXXXXXXXXXXX
; XXXXXXXXXXXXXXXXXXXXXXXXXXXXXXXXXXXXXXXXXXXXXXXXXXXXXXXXXXXX
; XXXXXXXXXXXXXXXXXXXXXXXXXXXXXXXXXXXXXXXXXXXXXXXXXXXXXXXXXXXX
; XXXXXXXXXXXXXXXXXXXXXXXXXXXXXXXXXXXXXXXXXXXXXXXXXXXXXXXXXXXX
; XXXXXXXXXXXXXXXXXXXXXXXXXXXXXXXXXXXXXXXXXXXXXXXXXXXXXXXXXXXX
; XXXXXXXXXXXXXXXXXXXXXXXXXXXXXXXXXXXXXXXXXXXXXXXXXXXXXXXXXXXX
; XXXXXXXXXXXXXXXXXXXXXXXXXXXXXXXXXXXXXXXXXXXXXXXXXXXXXXXXXXXX
; XXXXXXXXXXXXXXXXXXXXXXXXXXXXXXXXXXXXXXXXXXXXXXXXXXXXXXXXXXXX
; XXXXXXXXXXXXXXXXXXXXXXXXXXXXXXXXXXXXXXXXXXXXXXXXXXXXXXXXXXXX
; XXXXXXXXXXXXXXXXXXXXXXXXXXXXXXXXXXXXXXXXXXXXXXXXXXXXXXXXXXXX
; XXXXXXXXXXXXXXXXXXXXXXXXXXXXXXXXXXXXXXXXXXXXXXXXXXXXXXXXXXXX
; XXXXXXXXXXXXXXXXXXXXXXXXXXXXXXXXXXXXXXXXXXXXXXXXXXXXXXXXXXXX
; XXXXXXXXXXXXXXXXXXXXXXXXXXXXXXXXXXXXXXXXXXXXXXXXXXXXXXXXXXXX
; XXXXXXXXXXXXXXXXXXXXXXXXXXXXXXXXXXXXXXXXXXXXXXXXXXXXXXXXXXXX
; XXXXXXXXXXXXXXXXXXXXXXXXXXXXXXXXXXXXXXXXXXXXXXXXXXXXXXXXXXXX
; XXXXXXXXXXXXXXXXXXXXXXXXXXXXXXXXXXXXXXXXXXXXXXXXXXXXXXXXXXXX
; XXXXXXXXXXXXXXXXXXXXXXXXXXXXXXXXXXXXXXXXXXXXXXXXXXXXXXXXXXXX
; XXXXXXXXXXXXXXXXXXXXXXXXXXXXXXXXXXXXXXXXXXXXXXXXXXXXXXXXXXXX
; XXXXXXXXXXXXXXXXXXXXXXXXXXXXXXXXXXXXXXXXXXXXXXXXXXXXXXXXXXXX
; XXXXXXXXXXXXXXXXXXXXXXXXXXXXXXXXXXXXXXXXXXXXXXXXXXXXXXXXXXXX
; XXXXXXXXXXXXXXXXXXXXXXXXXXXXXXXXXXXXXXXXXXXXXXXXXXXXXXXXXXXX
; XXXXXXXXXXXXXXXXXXXXXXXXXXXXXXXXXXXXXXXXXXXXXXXXXXXXXXXXXXXX
; XXXXXXXXXXXXXXXXXXXXXXXXXXXXXXXXXXXXXXXXXXXXXXXXXXXXXXXXXXXX
; XXXXXXXXXXXXXXXXXXXXXXXXXXXXXXXXXXXXXXXXXXXXXXXXXXXXXXXXXXXX
; XXXXXXXXXXXXXXXXXXXXXXXXXXXXXXXXXXXXXXXXXXXXXXXXXXXXXXXXXXXX
; XXXXXXXXXXXXXXXXXXXXXXXXXXXXXXXXXXXXXXXXXXXXXXXXXXXXXXXXXXXX
